
============================================================
2026-07-04 16:24:46
Odoo Admin - Backup Database
============================================================
2026-07-04 16:24:46 [ INFO  ] Cargando configuración...

============================================================
2026-07-04 16:24:47
Validación de configuración
============================================================
2026-07-04 16:24:47 [ INFO  ] Base de datos : Prysme
2026-07-04 16:24:47 [ INFO  ] Usuario       : odoo
2026-07-04 16:24:47 [ INFO  ] Host          : 127.0.0.1
2026-07-04 16:24:47 [ INFO  ] Destino       : /var/backups/odoo/daily
2026-07-04 16:24:47 [ INFO  ] Formato       : custom
2026-07-04 16:24:47 [ INFO  ] Prefijo       : Prysme
2026-07-04 16:24:47 [ OK    ] Configuración validada.

============================================================
2026-07-04 16:38:09
Odoo Admin - backup-db
============================================================
2026-07-04 16:38:09 [ INFO  ] Cargando configuración...

============================================================
2026-07-04 16:49:36
Odoo Admin - backup-db
============================================================
2026-07-04 16:49:36 [ INFO  ] Cargando configuración...

============================================================
2026-07-04 16:49:36
Configuración
============================================================
2026-07-04 16:49:36 [ INFO  ] Base de datos : Prysme
2026-07-04 16:49:36 [ INFO  ] Usuario       : odoo
2026-07-04 16:49:36 [ INFO  ] Servidor      : 127.0.0.1
2026-07-04 16:49:36 [ INFO  ] Puerto        : 5432
2026-07-04 16:49:36 [ INFO  ] Destino       : /var/backups/odoo/daily
2026-07-04 16:49:36 [ INFO  ] Formato       : custom
2026-07-04 16:49:36 [ INFO  ] Prefijo       : Prysme
2026-07-04 16:49:36 [ OK    ] Configuración validada.

============================================================
2026-07-04 16:51:57
Odoo Admin - backup-db
============================================================
2026-07-04 16:51:57 [ INFO  ] Cargando configuración...

============================================================
2026-07-04 16:51:57
Configuración
============================================================
2026-07-04 16:51:57 [ INFO  ] Base de datos : Prysme
2026-07-04 16:51:57 [ INFO  ] Usuario       : odoo
2026-07-04 16:51:57 [ INFO  ] Servidor      : 127.0.0.1
2026-07-04 16:51:57 [ INFO  ] Puerto        : 5432
2026-07-04 16:51:57 [ INFO  ] Destino       : /var/backups/odoo/daily
2026-07-04 16:51:57 [ INFO  ] Formato       : custom
2026-07-04 16:51:57 [ INFO  ] Prefijo       : Prysme
2026-07-04 16:51:57 [ OK    ] Configuración validada.

============================================================
2026-07-04 17:01:35
Odoo Admin - backup-db
============================================================
2026-07-04 17:01:35 [ INFO  ] Cargando configuración...

============================================================
2026-07-04 17:01:35
Configuración
============================================================
2026-07-04 17:01:35 [ INFO  ] Base de datos : Prysme
2026-07-04 17:01:35 [ INFO  ] Usuario       : odoo
2026-07-04 17:01:35 [ INFO  ] Servidor      : 127.0.0.1
2026-07-04 17:01:35 [ INFO  ] Puerto        : 5432
2026-07-04 17:01:35 [ INFO  ] Destino       : /var/backups/odoo/daily
2026-07-04 17:01:35 [ INFO  ] Formato       : custom
2026-07-04 17:01:35 [ INFO  ] Prefijo       : Prysme
2026-07-04 17:01:35 [ OK    ] Configuración validada.

============================================================
2026-07-04 17:59:18
Odoo Admin - backup-db
============================================================
2026-07-04 17:59:18 [ INFO  ] Cargando configuración...

============================================================
2026-07-04 17:59:18
Configuración
============================================================
2026-07-04 17:59:18 [ INFO  ] Base de datos : Prysme
2026-07-04 17:59:18 [ INFO  ] Usuario       : odoo
2026-07-04 17:59:18 [ INFO  ] Servidor      : 127.0.0.1
2026-07-04 17:59:18 [ INFO  ] Puerto        : 5432
2026-07-04 17:59:18 [ INFO  ] Destino       : /var/backups/odoo/daily
2026-07-04 17:59:18 [ INFO  ] Formato       : custom
2026-07-04 17:59:18 [ INFO  ] Prefijo       : Prysme
2026-07-04 17:59:18 [ OK    ] Configuración validada.

============================================================
2026-07-04 17:59:49
Odoo Admin - backup-db
============================================================
2026-07-04 17:59:49 [ INFO  ] Cargando configuración...

============================================================
2026-07-04 17:59:49
Configuración
============================================================
2026-07-04 17:59:49 [ INFO  ] Base de datos : Prysme
2026-07-04 17:59:49 [ INFO  ] Usuario       : odoo
2026-07-04 17:59:49 [ INFO  ] Servidor      : 127.0.0.1
2026-07-04 17:59:49 [ INFO  ] Puerto        : 5432
2026-07-04 17:59:49 [ INFO  ] Destino       : /var/backups/odoo/daily
2026-07-04 17:59:49 [ INFO  ] Formato       : custom
2026-07-04 17:59:49 [ INFO  ] Prefijo       : Prysme
2026-07-04 17:59:49 [ OK    ] Configuración validada.

============================================================
2026-07-04 18:05:07
Odoo Admin - backup-db
============================================================
2026-07-04 18:05:07 [ INFO  ] Cargando configuración...

============================================================
2026-07-04 18:05:07
Configuración
============================================================
2026-07-04 18:05:07 [ INFO  ] Base de datos : Prysme
2026-07-04 18:05:07 [ INFO  ] Usuario       : odoo
2026-07-04 18:05:07 [ INFO  ] Servidor      : 127.0.0.1
2026-07-04 18:05:07 [ INFO  ] Puerto        : 5432
2026-07-04 18:05:07 [ INFO  ] Destino       : /var/backups/odoo/daily
2026-07-04 18:05:07 [ INFO  ] Formato       : custom
2026-07-04 18:05:07 [ INFO  ] Prefijo       : Prysme
2026-07-04 18:05:07 [ OK    ] Configuración validada.

============================================================
2026-07-04 18:05:07
pg_dump
============================================================
2026-07-04 18:05:07 [ OK    ] pg_dump disponible.

============================================================
2026-07-04 18:05:07
Espacio en Disco
============================================================
2026-07-04 18:05:07 [ INFO  ] Tamaño de la base : 26M
2026-07-04 18:05:07 [ INFO  ] Espacio disponible: 31G
2026-07-04 18:05:07 [ INFO  ] Espacio requerido : 51M
2026-07-04 18:05:07 [ OK    ] Espacio suficiente.

============================================================
2026-07-04 18:05:38
Odoo Admin - backup-db
============================================================
2026-07-04 18:05:38 [ INFO  ] Cargando configuración...

============================================================
2026-07-04 18:05:38
Configuración
============================================================
2026-07-04 18:05:38 [ INFO  ] Base de datos : Prysme
2026-07-04 18:05:38 [ INFO  ] Usuario       : odoo
2026-07-04 18:05:38 [ INFO  ] Servidor      : 127.0.0.1
2026-07-04 18:05:38 [ INFO  ] Puerto        : 5432
2026-07-04 18:05:38 [ INFO  ] Destino       : /var/backups/odoo/daily
2026-07-04 18:05:38 [ INFO  ] Formato       : custom
2026-07-04 18:05:38 [ INFO  ] Prefijo       : Prysme
2026-07-04 18:05:38 [ OK    ] Configuración validada.

============================================================
2026-07-04 18:05:38
pg_dump
============================================================
2026-07-04 18:05:38 [ OK    ] pg_dump disponible.

============================================================
2026-07-04 18:05:38
Espacio en Disco
============================================================
2026-07-04 18:05:38 [ INFO  ] Tamaño de la base : 26M
2026-07-04 18:05:38 [ INFO  ] Espacio disponible: 31G
2026-07-04 18:05:38 [ INFO  ] Espacio requerido : 51M
2026-07-04 18:05:38 [ OK    ] Espacio suficiente.

============================================================
2026-07-04 18:05:38
Permisos
============================================================
2026-07-04 18:05:38 [ OK    ] Permisos de escritura correctos.

============================================================
2026-07-04 18:05:38
PostgreSQL
============================================================
2026-07-04 18:05:38 [ OK    ] Servidor PostgreSQL disponible.

============================================================
2026-07-04 18:05:38
Base de Datos
============================================================
2026-07-04 18:05:39 [ OK    ] Base de datos encontrada.

============================================================
2026-07-04 18:05:39
Respaldo
============================================================
2026-07-04 18:05:40 [ INFO  ] Archivo : /var/backups/odoo/daily/Prysme_2026-07-04_18-05-39.dump
2026-07-04 18:05:40 [ INFO  ] Tamaño  : 1.6M
2026-07-04 18:05:40 [ OK    ] Respaldo completado.

============================================================
2026-07-04 18:05:40
Rotación
============================================================
2026-07-04 18:05:40 [ SKIP  ] Hoy no corresponde rotación semanal.
2026-07-04 18:05:40 [ SKIP  ] Hoy no corresponde rotación mensual.
2026-07-04 18:05:40 [ OK    ] Rotación finalizada.

============================================================
2026-07-04 18:09:10
Odoo Admin - backup-db
============================================================
2026-07-04 18:09:10 [ INFO  ] Cargando configuración...

============================================================
2026-07-04 18:09:10
Configuración
============================================================
2026-07-04 18:09:10 [ INFO  ] Base de datos : Prysme
2026-07-04 18:09:10 [ INFO  ] Usuario       : odoo
2026-07-04 18:09:10 [ INFO  ] Servidor      : 127.0.0.1
2026-07-04 18:09:10 [ INFO  ] Puerto        : 5432
2026-07-04 18:09:10 [ INFO  ] Destino       : /var/backups/odoo/daily
2026-07-04 18:09:10 [ INFO  ] Formato       : custom
2026-07-04 18:09:10 [ INFO  ] Prefijo       : Prysme
2026-07-04 18:09:10 [ OK    ] Configuración validada.

============================================================
2026-07-04 18:09:10
pg_dump
============================================================
2026-07-04 18:09:10 [ OK    ] pg_dump disponible.

============================================================
2026-07-04 18:09:10
Espacio en Disco
============================================================
2026-07-04 18:09:10 [ INFO  ] Tamaño de la base : 26M
2026-07-04 18:09:10 [ INFO  ] Espacio disponible: 31G
2026-07-04 18:09:10 [ INFO  ] Espacio requerido : 51M
2026-07-04 18:09:10 [ OK    ] Espacio suficiente.

============================================================
2026-07-04 18:09:10
Permisos
============================================================
2026-07-04 18:09:10 [ OK    ] Permisos de escritura correctos.

============================================================
2026-07-04 18:09:10
PostgreSQL
============================================================
2026-07-04 18:09:10 [ OK    ] Servidor PostgreSQL disponible.

============================================================
2026-07-04 18:09:10
Base de Datos
============================================================
2026-07-04 18:09:10 [ OK    ] Base de datos encontrada.

============================================================
2026-07-04 18:09:10
Respaldo
============================================================
2026-07-04 18:09:12 [ INFO  ] Archivo : /var/backups/odoo/daily/Prysme_2026-07-04_18-09-10.dump
2026-07-04 18:09:12 [ INFO  ] Tamaño  : 1.6M
2026-07-04 18:09:12 [ OK    ] Respaldo completado.

============================================================
2026-07-04 18:09:12
Rotación
============================================================
2026-07-04 18:09:12 [ SKIP  ] Hoy no corresponde rotación semanal.
2026-07-04 18:09:12 [ SKIP  ] Hoy no corresponde rotación mensual.
2026-07-04 18:09:12 [ OK    ] Rotación finalizada.

============================================================
2026-07-04 18:18:03
Odoo Admin - backup-db
============================================================
2026-07-04 18:18:03 [ INFO  ] Cargando configuración...

============================================================
2026-07-04 18:18:03
Configuración
============================================================
2026-07-04 18:18:03 [ INFO  ] Base de datos : Prysme
2026-07-04 18:18:03 [ INFO  ] Usuario       : odoo
2026-07-04 18:18:03 [ INFO  ] Servidor      : 127.0.0.1
2026-07-04 18:18:03 [ INFO  ] Puerto        : 5432
2026-07-04 18:18:03 [ INFO  ] Destino       : /var/backups/odoo/daily
2026-07-04 18:18:03 [ INFO  ] Formato       : custom
2026-07-04 18:18:03 [ INFO  ] Prefijo       : Prysme
2026-07-04 18:18:03 [ OK    ] Configuración validada.

============================================================
2026-07-04 18:18:03
pg_dump
============================================================
2026-07-04 18:18:03 [ OK    ] pg_dump disponible.

============================================================
2026-07-04 18:18:03
Espacio en Disco
============================================================
2026-07-04 18:18:03 [ INFO  ] Tamaño de la base : 26M
2026-07-04 18:18:03 [ INFO  ] Espacio disponible: 31G
2026-07-04 18:18:03 [ INFO  ] Espacio requerido : 51M
2026-07-04 18:18:03 [ OK    ] Espacio suficiente.

============================================================
2026-07-04 18:18:03
Permisos
============================================================
2026-07-04 18:18:03 [ OK    ] Permisos de escritura correctos.

============================================================
2026-07-04 18:18:03
PostgreSQL
============================================================
2026-07-04 18:18:03 [ OK    ] Servidor PostgreSQL disponible.

============================================================
2026-07-04 18:18:03
Base de Datos
============================================================
2026-07-04 18:18:03 [ OK    ] Base de datos encontrada.

============================================================
2026-07-04 18:18:03
Respaldo
============================================================
2026-07-04 18:18:05 [ INFO  ] Archivo : /var/backups/odoo/daily/Prysme_2026-07-04_18-18-03.dump
2026-07-04 18:18:05 [ INFO  ] Tamaño  : 1.6M
2026-07-04 18:18:05 [ OK    ] Respaldo completado.

============================================================
2026-07-04 18:18:05
Rotación
============================================================
2026-07-04 18:18:05 [ SKIP  ] Hoy no corresponde rotación semanal.
2026-07-04 18:18:05 [ SKIP  ] Hoy no corresponde rotación mensual.
2026-07-04 18:18:05 [ OK    ] Rotación finalizada.

============================================================
2026-07-04 18:27:31
Odoo Admin - backup-db
============================================================
2026-07-04 18:27:31 [ INFO  ] Cargando configuración...

============================================================
2026-07-04 18:27:31
Configuración
============================================================
2026-07-04 18:27:31 [ INFO  ] Base de datos : Prysme
2026-07-04 18:27:31 [ INFO  ] Usuario       : odoo
2026-07-04 18:27:31 [ INFO  ] Servidor      : 127.0.0.1
2026-07-04 18:27:31 [ INFO  ] Puerto        : 5432
2026-07-04 18:27:31 [ INFO  ] Destino       : /var/backups/odoo/daily
2026-07-04 18:27:31 [ INFO  ] Formato       : custom
2026-07-04 18:27:31 [ INFO  ] Prefijo       : Prysme
2026-07-04 18:27:31 [ OK    ] Configuración validada.

============================================================
2026-07-04 18:27:31
pg_dump
============================================================
2026-07-04 18:27:31 [ OK    ] pg_dump disponible.

============================================================
2026-07-04 18:27:31
Espacio en Disco
============================================================
2026-07-04 18:27:31 [ INFO  ] Tamaño de la base : 26M
2026-07-04 18:27:32 [ INFO  ] Espacio disponible: 31G
2026-07-04 18:27:32 [ INFO  ] Espacio requerido : 51M
2026-07-04 18:27:32 [ OK    ] Espacio suficiente.

============================================================
2026-07-04 18:27:32
Permisos
============================================================
2026-07-04 18:27:32 [ OK    ] Permisos de escritura correctos.

============================================================
2026-07-04 18:27:32
PostgreSQL
============================================================
2026-07-04 18:27:32 [ OK    ] Servidor PostgreSQL disponible.

============================================================
2026-07-04 18:27:32
Base de Datos
============================================================
2026-07-04 18:27:32 [ OK    ] Base de datos encontrada.

============================================================
2026-07-04 18:27:32
Respaldo
============================================================
2026-07-04 18:27:33 [ INFO  ] Archivo : /var/backups/odoo/daily/Prysme_2026-07-04_18-27-32.dump
2026-07-04 18:27:33 [ INFO  ] Tamaño  : 1.6M
2026-07-04 18:27:33 [ OK    ] Respaldo completado.

============================================================
2026-07-04 18:27:33
Rotación
============================================================
2026-07-04 18:27:33 [ SKIP  ] Hoy no corresponde rotación semanal.
2026-07-04 18:27:33 [ SKIP  ] Hoy no corresponde rotación mensual.
2026-07-04 18:27:33 [ OK    ] Rotación finalizada.
2026-07-04 18:27:33 [ ERROR ] prune_directory(): número de argumentos inválido.

============================================================
2026-07-04 18:32:38
Odoo Admin - backup-db
============================================================
2026-07-04 18:32:38 [ INFO  ] Cargando configuración...

============================================================
2026-07-04 18:32:38
Configuración
============================================================
2026-07-04 18:32:38 [ INFO  ] Base de datos : Prysme
2026-07-04 18:32:38 [ INFO  ] Usuario       : odoo
2026-07-04 18:32:38 [ INFO  ] Servidor      : 127.0.0.1
2026-07-04 18:32:38 [ INFO  ] Puerto        : 5432
2026-07-04 18:32:38 [ INFO  ] Destino       : /var/backups/odoo/daily
2026-07-04 18:32:38 [ INFO  ] Formato       : custom
2026-07-04 18:32:38 [ INFO  ] Prefijo       : Prysme
2026-07-04 18:32:38 [ OK    ] Configuración validada.

============================================================
2026-07-04 18:32:38
pg_dump
============================================================
2026-07-04 18:32:38 [ OK    ] pg_dump disponible.

============================================================
2026-07-04 18:32:38
Espacio en Disco
============================================================
2026-07-04 18:32:38 [ INFO  ] Tamaño de la base : 26M
2026-07-04 18:32:38 [ INFO  ] Espacio disponible: 31G
2026-07-04 18:32:38 [ INFO  ] Espacio requerido : 51M
2026-07-04 18:32:38 [ OK    ] Espacio suficiente.

============================================================
2026-07-04 18:32:39
Permisos
============================================================
2026-07-04 18:32:39 [ OK    ] Permisos de escritura correctos.

============================================================
2026-07-04 18:32:39
PostgreSQL
============================================================
2026-07-04 18:32:39 [ OK    ] Servidor PostgreSQL disponible.

============================================================
2026-07-04 18:32:39
Base de Datos
============================================================
2026-07-04 18:32:39 [ OK    ] Base de datos encontrada.

============================================================
2026-07-04 18:32:39
Respaldo
============================================================
2026-07-04 18:32:40 [ INFO  ] Archivo : /var/backups/odoo/daily/Prysme_2026-07-04_18-32-39.dump
2026-07-04 18:32:40 [ INFO  ] Tamaño  : 1.6M
2026-07-04 18:32:40 [ OK    ] Respaldo completado.

============================================================
2026-07-04 18:32:40
Rotación
============================================================
2026-07-04 18:32:40 [ SKIP  ] Hoy no corresponde rotación semanal.
2026-07-04 18:32:40 [ SKIP  ] Hoy no corresponde rotación mensual.
2026-07-04 18:32:40 [ OK    ] Rotación finalizada.

============================================================
2026-07-04 18:32:40
Retención
============================================================

============================================================
2026-07-04 18:32:40
Retención - Daily
============================================================
2026-07-04 18:32:40 [ INFO  ] Directorio : /var/backups/odoo/daily
2026-07-04 18:32:40 [ INFO  ] Respaldos  : 12
2026-07-04 18:32:40 [ INFO  ] Retención  : 7
2026-07-04 18:32:40 [ INFO  ] Respaldos a eliminar : 5
2026-07-04 18:32:40 [ OK    ] Eliminado: Prysme_2026-07-02_23-29-53.dump
2026-07-04 18:32:40 [ OK    ] Eliminado: Prysme_2026-07-03_21-05-27.dump
2026-07-04 18:32:40 [ OK    ] Eliminado: Prysme_2026-07-03_21-40-42.dump
2026-07-04 18:32:40 [ OK    ] Eliminado: Prysme_2026-07-04_07-02-07.dump
2026-07-04 18:32:40 [ OK    ] Eliminado: Prysme_2026-07-04_07-10-17.dump
2026-07-04 18:32:40 [ OK    ] Retención aplicada.

============================================================
2026-07-04 18:32:40
Retención - Weekly
============================================================
2026-07-04 18:32:40 [ INFO  ] Directorio : /var/backups/odoo/weekly
2026-07-04 18:32:40 [ INFO  ] Respaldos  : 0
2026-07-04 18:32:40 [ INFO  ] Retención  : 4
2026-07-04 18:32:40 [ SKIP  ] No existen respaldos excedentes.

============================================================
2026-07-04 18:32:40
Retención - Monthly
============================================================
2026-07-04 18:32:40 [ INFO  ] Directorio : /var/backups/odoo/monthly
2026-07-04 18:32:40 [ INFO  ] Respaldos  : 0
2026-07-04 18:32:40 [ INFO  ] Retención  : 12
2026-07-04 18:32:40 [ SKIP  ] No existen respaldos excedentes.
2026-07-04 18:32:40 [ OK    ] Política de retención finalizada.

============================================================
2026-07-04 18:52:04
Odoo Admin - backup-db
============================================================
2026-07-04 18:52:04 [ INFO  ] Cargando configuración...

============================================================
2026-07-04 18:52:04
Configuración
============================================================
2026-07-04 18:52:05 [ INFO  ] Base de datos : Prysme
2026-07-04 18:52:05 [ INFO  ] Usuario       : odoo
2026-07-04 18:52:05 [ INFO  ] Servidor      : 127.0.0.1
2026-07-04 18:52:05 [ INFO  ] Puerto        : 5432
2026-07-04 18:52:05 [ INFO  ] Destino       : /var/backups/odoo/daily
2026-07-04 18:52:05 [ INFO  ] Formato       : custom
2026-07-04 18:52:05 [ INFO  ] Prefijo       : Prysme
2026-07-04 18:52:05 [ OK    ] Configuración validada.

============================================================
2026-07-04 18:52:05
pg_dump
============================================================
2026-07-04 18:52:05 [ OK    ] pg_dump disponible.

============================================================
2026-07-04 18:52:05
Espacio en Disco
============================================================
2026-07-04 18:52:05 [ INFO  ] Tamaño de la base : 26M
2026-07-04 18:52:05 [ INFO  ] Espacio disponible: 31G
2026-07-04 18:52:05 [ INFO  ] Espacio requerido : 51M
2026-07-04 18:52:05 [ OK    ] Espacio suficiente.

============================================================
2026-07-04 18:52:05
Permisos
============================================================
2026-07-04 18:52:05 [ OK    ] Permisos de escritura correctos.

============================================================
2026-07-04 18:52:05
PostgreSQL
============================================================
2026-07-04 18:52:05 [ OK    ] Servidor PostgreSQL disponible.

============================================================
2026-07-04 18:52:05
Base de Datos
============================================================
2026-07-04 18:52:05 [ OK    ] Base de datos encontrada.

============================================================
2026-07-04 18:52:05
Respaldo
============================================================
2026-07-04 18:52:06 [ INFO  ] Archivo : /var/backups/odoo/daily/Prysme_2026-07-04_18-52-05.dump
2026-07-04 18:52:06 [ INFO  ] Tamaño  : 1.6M
2026-07-04 18:52:06 [ OK    ] Respaldo completado.

============================================================
2026-07-04 18:52:06
Rotación
============================================================
2026-07-04 18:52:06 [ SKIP  ] Hoy no corresponde rotación semanal.
2026-07-04 18:52:06 [ SKIP  ] Hoy no corresponde rotación mensual.
2026-07-04 18:52:06 [ OK    ] Rotación finalizada.

============================================================
2026-07-04 18:52:06
Retención
============================================================

============================================================
2026-07-04 18:52:06
Retención - Daily
============================================================
2026-07-04 18:52:07 [ INFO  ] Directorio : /var/backups/odoo/daily
2026-07-04 18:52:07 [ INFO  ] Respaldos  : 8
2026-07-04 18:52:07 [ INFO  ] Retención  : 7
2026-07-04 18:52:07 [ INFO  ] Respaldos a eliminar : 1
2026-07-04 18:52:07 [ OK    ] Eliminado: Prysme_2026-07-04_13-45-12.dump
2026-07-04 18:52:07 [ OK    ] Retención aplicada.

============================================================
2026-07-04 18:52:07
Retención - Weekly
============================================================
2026-07-04 18:52:07 [ INFO  ] Directorio : /var/backups/odoo/weekly
2026-07-04 18:52:07 [ INFO  ] Respaldos  : 0
2026-07-04 18:52:07 [ INFO  ] Retención  : 4
2026-07-04 18:52:07 [ SKIP  ] No existen respaldos excedentes.

============================================================
2026-07-04 18:52:07
Retención - Monthly
============================================================
2026-07-04 18:52:07 [ INFO  ] Directorio : /var/backups/odoo/monthly
2026-07-04 18:52:07 [ INFO  ] Respaldos  : 0
2026-07-04 18:52:07 [ INFO  ] Retención  : 12
2026-07-04 18:52:07 [ SKIP  ] No existen respaldos excedentes.
2026-07-04 18:52:07 [ OK    ] Política de retención finalizada.

============================================================
2026-07-04 18:58:12
Odoo Admin - backup-db
============================================================
2026-07-04 18:58:12 [ INFO  ] Cargando configuración...

============================================================
2026-07-04 18:58:12
Configuración
============================================================
2026-07-04 18:58:12 [ INFO  ] Base de datos : Prysme
2026-07-04 18:58:12 [ INFO  ] Usuario       : odoo
2026-07-04 18:58:12 [ INFO  ] Servidor      : 127.0.0.1
2026-07-04 18:58:12 [ INFO  ] Puerto        : 5432
2026-07-04 18:58:12 [ INFO  ] Destino       : /var/backups/odoo/daily
2026-07-04 18:58:12 [ INFO  ] Formato       : custom
2026-07-04 18:58:12 [ INFO  ] Prefijo       : Prysme
2026-07-04 18:58:12 [ OK    ] Configuración validada.

============================================================
2026-07-04 18:58:12
pg_dump
============================================================
2026-07-04 18:58:12 [ OK    ] pg_dump disponible.

============================================================
2026-07-04 18:58:12
Espacio en Disco
============================================================
2026-07-04 18:58:12 [ INFO  ] Tamaño de la base : 26M
2026-07-04 18:58:12 [ INFO  ] Espacio disponible: 31G
2026-07-04 18:58:12 [ INFO  ] Espacio requerido : 51M
2026-07-04 18:58:12 [ OK    ] Espacio suficiente.

============================================================
2026-07-04 18:58:12
Permisos
============================================================
2026-07-04 18:58:12 [ OK    ] Permisos de escritura correctos.

============================================================
2026-07-04 18:58:12
PostgreSQL
============================================================
2026-07-04 18:58:12 [ OK    ] Servidor PostgreSQL disponible.

============================================================
2026-07-04 18:58:12
Base de Datos
============================================================
2026-07-04 18:58:12 [ OK    ] Base de datos encontrada.

============================================================
2026-07-04 18:58:12
Respaldo
============================================================
2026-07-04 18:58:14 [ INFO  ] Archivo : /var/backups/odoo/daily/Prysme_2026-07-04_18-58-12.dump
2026-07-04 18:58:14 [ INFO  ] Tamaño  : 1.6M
2026-07-04 18:58:14 [ OK    ] Respaldo completado.

============================================================
2026-07-04 18:58:14
Rotación
============================================================
2026-07-04 18:58:14 [ SKIP  ] Hoy no corresponde rotación semanal.
2026-07-04 18:58:14 [ SKIP  ] Hoy no corresponde rotación mensual.
2026-07-04 18:58:14 [ OK    ] Rotación finalizada.

============================================================
2026-07-04 18:58:14
Retención
============================================================

============================================================
2026-07-04 18:58:14
Retención - Daily
============================================================
2026-07-04 18:58:14 [ INFO  ] Directorio : /var/backups/odoo/daily
2026-07-04 18:58:14 [ INFO  ] Respaldos  : 8
2026-07-04 18:58:14 [ INFO  ] Retención  : 7
2026-07-04 18:58:14 [ INFO  ] Respaldos a eliminar : 1
2026-07-04 18:58:14 [ OK    ] Eliminado: Prysme_2026-07-04_15-34-52.dump
2026-07-04 18:58:14 [ OK    ] Retención aplicada.

============================================================
2026-07-04 18:58:14
Retención - Weekly
============================================================
2026-07-04 18:58:14 [ INFO  ] Directorio : /var/backups/odoo/weekly
2026-07-04 18:58:14 [ INFO  ] Respaldos  : 0
2026-07-04 18:58:14 [ INFO  ] Retención  : 4
2026-07-04 18:58:14 [ SKIP  ] No existen respaldos excedentes.

============================================================
2026-07-04 18:58:14
Retención - Monthly
============================================================
2026-07-04 18:58:14 [ INFO  ] Directorio : /var/backups/odoo/monthly
2026-07-04 18:58:14 [ INFO  ] Respaldos  : 0
2026-07-04 18:58:14 [ INFO  ] Retención  : 12
2026-07-04 18:58:14 [ SKIP  ] No existen respaldos excedentes.
2026-07-04 18:58:14 [ OK    ] Política de retención finalizada.

============================================================
2026-07-04 19:14:54
Odoo Admin - backup-db
============================================================
2026-07-04 19:14:54 [ INFO  ] Cargando configuración...

============================================================
2026-07-04 19:14:54
Configuración
============================================================
2026-07-04 19:14:54 [ INFO  ] Base de datos : Prysme
2026-07-04 19:14:54 [ INFO  ] Usuario       : odoo
2026-07-04 19:14:54 [ INFO  ] Servidor      : 127.0.0.1
2026-07-04 19:14:54 [ INFO  ] Puerto        : 5432
2026-07-04 19:14:54 [ INFO  ] Destino       : /var/backups/odoo/daily
2026-07-04 19:14:54 [ INFO  ] Formato       : custom
2026-07-04 19:14:54 [ INFO  ] Prefijo       : Prysme
2026-07-04 19:14:54 [ OK    ] Configuración validada.

============================================================
2026-07-04 19:14:54
pg_dump
============================================================
2026-07-04 19:14:54 [ OK    ] pg_dump disponible.

============================================================
2026-07-04 19:14:54
Espacio en Disco
============================================================
2026-07-04 19:14:54 [ INFO  ] Tamaño de la base : 26M
2026-07-04 19:14:54 [ INFO  ] Espacio disponible: 31G
2026-07-04 19:14:54 [ INFO  ] Espacio requerido : 51M
2026-07-04 19:14:54 [ OK    ] Espacio suficiente.

============================================================
2026-07-04 19:14:54
Permisos
============================================================
2026-07-04 19:14:54 [ OK    ] Permisos de escritura correctos.

============================================================
2026-07-04 19:14:54
PostgreSQL
============================================================
2026-07-04 19:14:54 [ OK    ] Servidor PostgreSQL disponible.

============================================================
2026-07-04 19:14:54
Base de Datos
============================================================
2026-07-04 19:14:54 [ OK    ] Base de datos encontrada.

============================================================
2026-07-04 19:14:54
Respaldo
============================================================
2026-07-04 19:14:55 [ INFO  ] Archivo : /var/backups/odoo/daily/Prysme_2026-07-04_19-14-54.dump
2026-07-04 19:14:55 [ INFO  ] Tamaño  : 1.6M
2026-07-04 19:14:55 [ OK    ] Respaldo completado.

============================================================
2026-07-04 19:14:55
Rotación
============================================================
2026-07-04 19:14:55 [ SKIP  ] Hoy no corresponde rotación semanal.
2026-07-04 19:14:55 [ SKIP  ] Hoy no corresponde rotación mensual.
2026-07-04 19:14:55 [ OK    ] Rotación finalizada.

============================================================
2026-07-04 19:14:55
Retención
============================================================

============================================================
2026-07-04 19:14:55
Retención - Daily
============================================================
2026-07-04 19:14:55 [ INFO  ] Directorio : /var/backups/odoo/daily
2026-07-04 19:14:55 [ INFO  ] Respaldos  : 8
2026-07-04 19:14:55 [ INFO  ] Retención  : 7
2026-07-04 19:14:55 [ INFO  ] Respaldos a eliminar : 1
2026-07-04 19:14:55 [ OK    ] Eliminado: Prysme_2026-07-04_18-05-39.dump
2026-07-04 19:14:55 [ OK    ] Retención aplicada.

============================================================
2026-07-04 19:14:56
Retención - Weekly
============================================================
2026-07-04 19:14:56 [ INFO  ] Directorio : /var/backups/odoo/weekly
2026-07-04 19:14:56 [ INFO  ] Respaldos  : 0
2026-07-04 19:14:56 [ INFO  ] Retención  : 4
2026-07-04 19:14:56 [ SKIP  ] No existen respaldos excedentes.

============================================================
2026-07-04 19:14:56
Retención - Monthly
============================================================
2026-07-04 19:14:56 [ INFO  ] Directorio : /var/backups/odoo/monthly
2026-07-04 19:14:56 [ INFO  ] Respaldos  : 0
2026-07-04 19:14:56 [ INFO  ] Retención  : 12
2026-07-04 19:14:56 [ SKIP  ] No existen respaldos excedentes.
2026-07-04 19:14:56 [ OK    ] Política de retención finalizada.

============================================================
2026-07-04 19:17:54
Odoo Admin - backup-db
============================================================
2026-07-04 19:17:54 [ INFO  ] Cargando configuración...

============================================================
2026-07-04 19:17:54
Configuración
============================================================
2026-07-04 19:17:54 [ INFO  ] Base de datos : Prysme
2026-07-04 19:17:54 [ INFO  ] Usuario       : odoo
2026-07-04 19:17:54 [ INFO  ] Servidor      : 127.0.0.1
2026-07-04 19:17:54 [ INFO  ] Puerto        : 5432
2026-07-04 19:17:54 [ INFO  ] Destino       : /var/backups/odoo/daily
2026-07-04 19:17:54 [ INFO  ] Formato       : custom
2026-07-04 19:17:54 [ INFO  ] Prefijo       : Prysme
2026-07-04 19:17:54 [ OK    ] Configuración validada.

============================================================
2026-07-04 19:17:54
pg_dump
============================================================
2026-07-04 19:17:54 [ OK    ] pg_dump disponible.

============================================================
2026-07-04 19:17:54
Espacio en Disco
============================================================
2026-07-04 19:17:54 [ INFO  ] Tamaño de la base : 26M
2026-07-04 19:17:54 [ INFO  ] Espacio disponible: 31G
2026-07-04 19:17:54 [ INFO  ] Espacio requerido : 51M
2026-07-04 19:17:54 [ OK    ] Espacio suficiente.

============================================================
2026-07-04 19:17:54
Permisos
============================================================
2026-07-04 19:17:54 [ OK    ] Permisos de escritura correctos.

============================================================
2026-07-04 19:17:54
PostgreSQL
============================================================
2026-07-04 19:17:55 [ OK    ] Servidor PostgreSQL disponible.

============================================================
2026-07-04 19:17:55
Base de Datos
============================================================
2026-07-04 19:17:55 [ OK    ] Base de datos encontrada.

============================================================
2026-07-04 19:17:55
Respaldo
============================================================
2026-07-04 19:17:56 [ INFO  ] Archivo : /var/backups/odoo/daily/Prysme_2026-07-04_19-17-55.dump
2026-07-04 19:17:56 [ INFO  ] Tamaño  : 1.6M
2026-07-04 19:17:56 [ OK    ] Respaldo completado.

============================================================
2026-07-04 19:17:56
Rotación
============================================================
2026-07-04 19:17:56 [ SKIP  ] Hoy no corresponde rotación semanal.
2026-07-04 19:17:56 [ SKIP  ] Hoy no corresponde rotación mensual.
2026-07-04 19:17:56 [ OK    ] Rotación finalizada.

============================================================
2026-07-04 19:17:56
Retención
============================================================

============================================================
2026-07-04 19:17:56
Retención - Daily
============================================================
2026-07-04 19:17:56 [ INFO  ] Directorio : /var/backups/odoo/daily
2026-07-04 19:17:56 [ INFO  ] Respaldos  : 8
2026-07-04 19:17:56 [ INFO  ] Retención  : 7
2026-07-04 19:17:56 [ INFO  ] Respaldos a eliminar : 1
2026-07-04 19:17:56 [ OK    ] Eliminado: Prysme_2026-07-04_18-09-10.dump
2026-07-04 19:17:56 [ OK    ] Retención aplicada.

============================================================
2026-07-04 19:17:56
Retención - Weekly
============================================================
2026-07-04 19:17:56 [ INFO  ] Directorio : /var/backups/odoo/weekly
2026-07-04 19:17:56 [ INFO  ] Respaldos  : 0
2026-07-04 19:17:56 [ INFO  ] Retención  : 4
2026-07-04 19:17:56 [ SKIP  ] No existen respaldos excedentes.

============================================================
2026-07-04 19:17:56
Retención - Monthly
============================================================
2026-07-04 19:17:56 [ INFO  ] Directorio : /var/backups/odoo/monthly
2026-07-04 19:17:56 [ INFO  ] Respaldos  : 0
2026-07-04 19:17:56 [ INFO  ] Retención  : 12
2026-07-04 19:17:56 [ SKIP  ] No existen respaldos excedentes.
2026-07-04 19:17:56 [ OK    ] Política de retención finalizada.

============================================================
2026-07-04 19:21:36
Odoo Admin - backup-db
============================================================
2026-07-04 19:21:36 [ INFO  ] Cargando configuración...

============================================================
2026-07-04 19:21:36
Configuración
============================================================
2026-07-04 19:21:36 [ INFO  ] Base de datos : Prysme
2026-07-04 19:21:36 [ INFO  ] Usuario       : odoo
2026-07-04 19:21:36 [ INFO  ] Servidor      : 127.0.0.1
2026-07-04 19:21:36 [ INFO  ] Puerto        : 5432
2026-07-04 19:21:36 [ INFO  ] Destino       : /var/backups/odoo/daily
2026-07-04 19:21:36 [ INFO  ] Formato       : custom
2026-07-04 19:21:36 [ INFO  ] Prefijo       : Prysme
2026-07-04 19:21:36 [ OK    ] Configuración validada.

============================================================
2026-07-04 19:21:36
pg_dump
============================================================
2026-07-04 19:21:36 [ OK    ] pg_dump disponible.

============================================================
2026-07-04 19:21:36
Espacio en Disco
============================================================
2026-07-04 19:21:36 [ INFO  ] Tamaño de la base : 26M
2026-07-04 19:21:36 [ INFO  ] Espacio disponible: 31G
2026-07-04 19:21:36 [ INFO  ] Espacio requerido : 51M
2026-07-04 19:21:36 [ OK    ] Espacio suficiente.

============================================================
2026-07-04 19:21:36
Permisos
============================================================
2026-07-04 19:21:36 [ OK    ] Permisos de escritura correctos.

============================================================
2026-07-04 19:21:36
PostgreSQL
============================================================
2026-07-04 19:21:36 [ OK    ] Servidor PostgreSQL disponible.

============================================================
2026-07-04 19:21:36
Base de Datos
============================================================
2026-07-04 19:21:36 [ OK    ] Base de datos encontrada.

============================================================
2026-07-04 19:21:36
Respaldo
============================================================
2026-07-04 19:21:38 [ INFO  ] Archivo : /var/backups/odoo/daily/Prysme_2026-07-04_19-21-36.dump
2026-07-04 19:21:38 [ INFO  ] Tamaño  : 1.6M
2026-07-04 19:21:38 [ OK    ] Respaldo completado.

============================================================
2026-07-04 19:21:38
Rotación
============================================================
2026-07-04 19:21:38 [ SKIP  ] Hoy no corresponde rotación semanal.
2026-07-04 19:21:38 [ SKIP  ] Hoy no corresponde rotación mensual.
2026-07-04 19:21:38 [ OK    ] Rotación finalizada.

============================================================
2026-07-04 19:21:38
Retención
============================================================

============================================================
2026-07-04 19:21:38
Retención - Daily
============================================================
2026-07-04 19:21:38 [ INFO  ] Directorio : /var/backups/odoo/daily
2026-07-04 19:21:38 [ INFO  ] Respaldos  : 8
2026-07-04 19:21:38 [ INFO  ] Retención  : 7
2026-07-04 19:21:38 [ INFO  ] Respaldos a eliminar : 1
2026-07-04 19:21:38 [ OK    ] Eliminado: Prysme_2026-07-04_18-18-03.dump
2026-07-04 19:21:38 [ OK    ] Retención aplicada.

============================================================
2026-07-04 19:21:38
Retención - Weekly
============================================================
2026-07-04 19:21:38 [ INFO  ] Directorio : /var/backups/odoo/weekly
2026-07-04 19:21:38 [ INFO  ] Respaldos  : 0
2026-07-04 19:21:38 [ INFO  ] Retención  : 4
2026-07-04 19:21:38 [ SKIP  ] No existen respaldos excedentes.

============================================================
2026-07-04 19:21:38
Retención - Monthly
============================================================
2026-07-04 19:21:38 [ INFO  ] Directorio : /var/backups/odoo/monthly
2026-07-04 19:21:38 [ INFO  ] Respaldos  : 0
2026-07-04 19:21:38 [ INFO  ] Retención  : 12
2026-07-04 19:21:38 [ SKIP  ] No existen respaldos excedentes.
2026-07-04 19:21:38 [ OK    ] Política de retención finalizada.

============================================================
2026-07-04 19:22:25
Odoo Admin - backup-db
============================================================
2026-07-04 19:22:25 [ INFO  ] Cargando configuración...

============================================================
2026-07-04 19:22:25
Configuración
============================================================
2026-07-04 19:22:25 [ INFO  ] Base de datos : Prysme
2026-07-04 19:22:25 [ INFO  ] Usuario       : odoo
2026-07-04 19:22:25 [ INFO  ] Servidor      : 127.0.0.1
2026-07-04 19:22:25 [ INFO  ] Puerto        : 5432
2026-07-04 19:22:25 [ INFO  ] Destino       : /var/backups/odoo/daily
2026-07-04 19:22:25 [ INFO  ] Formato       : custom
2026-07-04 19:22:25 [ INFO  ] Prefijo       : Prysme
2026-07-04 19:22:25 [ OK    ] Configuración validada.

============================================================
2026-07-04 19:22:25
pg_dump
============================================================
2026-07-04 19:22:25 [ OK    ] pg_dump disponible.

============================================================
2026-07-04 19:22:25
Espacio en Disco
============================================================
2026-07-04 19:22:25 [ INFO  ] Tamaño de la base : 26M
2026-07-04 19:22:25 [ INFO  ] Espacio disponible: 31G
2026-07-04 19:22:25 [ INFO  ] Espacio requerido : 51M
2026-07-04 19:22:25 [ OK    ] Espacio suficiente.

============================================================
2026-07-04 19:22:25
Permisos
============================================================
2026-07-04 19:22:25 [ OK    ] Permisos de escritura correctos.

============================================================
2026-07-04 19:22:25
PostgreSQL
============================================================
2026-07-04 19:22:25 [ OK    ] Servidor PostgreSQL disponible.

============================================================
2026-07-04 19:22:25
Base de Datos
============================================================
2026-07-04 19:22:25 [ OK    ] Base de datos encontrada.

============================================================
2026-07-04 19:22:25
Respaldo
============================================================
2026-07-04 19:22:27 [ INFO  ] Archivo : /var/backups/odoo/daily/Prysme_2026-07-04_19-22-25.dump
2026-07-04 19:22:27 [ INFO  ] Tamaño  : 1.6M
2026-07-04 19:22:27 [ OK    ] Respaldo completado.

============================================================
2026-07-04 19:22:27
Rotación
============================================================
2026-07-04 19:22:27 [ SKIP  ] Hoy no corresponde rotación semanal.
2026-07-04 19:22:27 [ SKIP  ] Hoy no corresponde rotación mensual.
2026-07-04 19:22:27 [ OK    ] Rotación finalizada.

============================================================
2026-07-04 19:22:27
Retención
============================================================

============================================================
2026-07-04 19:22:27
Retención - Daily
============================================================
2026-07-04 19:22:27 [ INFO  ] Directorio : /var/backups/odoo/daily
2026-07-04 19:22:27 [ INFO  ] Respaldos  : 8
2026-07-04 19:22:27 [ INFO  ] Retención  : 7
2026-07-04 19:22:27 [ INFO  ] Respaldos a eliminar : 1
2026-07-04 19:22:27 [ OK    ] Eliminado: Prysme_2026-07-04_18-27-32.dump
2026-07-04 19:22:27 [ OK    ] Retención aplicada.

============================================================
2026-07-04 19:22:27
Retención - Weekly
============================================================
2026-07-04 19:22:27 [ INFO  ] Directorio : /var/backups/odoo/weekly
2026-07-04 19:22:27 [ INFO  ] Respaldos  : 0
2026-07-04 19:22:27 [ INFO  ] Retención  : 4
2026-07-04 19:22:27 [ SKIP  ] No existen respaldos excedentes.

============================================================
2026-07-04 19:22:27
Retención - Monthly
============================================================
2026-07-04 19:22:27 [ INFO  ] Directorio : /var/backups/odoo/monthly
2026-07-04 19:22:27 [ INFO  ] Respaldos  : 0
2026-07-04 19:22:27 [ INFO  ] Retención  : 12
2026-07-04 19:22:27 [ SKIP  ] No existen respaldos excedentes.
2026-07-04 19:22:27 [ OK    ] Política de retención finalizada.
