
============================================================
2026-07-04 20:46:01
Odoo Admin - backup-db
============================================================
2026-07-04 20:46:01 [ INFO  ] Producto : Odoo Admin 1.0
2026-07-04 20:46:01 [ INFO  ] Módulo   : backup-db 1.0
2026-07-04 20:46:01 [ OK    ] Configuración cargada.

============================================================
2026-07-04 20:46:46
Odoo Admin - backup-db
============================================================
2026-07-04 20:46:46 [ INFO  ] Producto : Odoo Admin 1.0
2026-07-04 20:46:46 [ INFO  ] Módulo   : backup-db 1.0
2026-07-04 20:46:46 [ OK    ] Configuración cargada.

============================================================
2026-07-04 20:50:13
Odoo Admin - backup-db
============================================================
2026-07-04 20:50:13 [ INFO  ] Producto : Odoo Admin 1.0
2026-07-04 20:50:13 [ INFO  ] Módulo   : backup-db 1.0
2026-07-04 20:50:13 [ OK    ] Configuración cargada.

============================================================
2026-07-04 20:50:13
Odoo Admin - backup-db
============================================================
2026-07-04 20:50:13 [ INFO  ] Producto : Odoo Admin 1.0
2026-07-04 20:50:13 [ INFO  ] Módulo   : backup-db 1.0

============================================================
2026-07-04 20:50:13
Entorno
============================================================
2026-07-04 20:50:14 [ OK    ] Entorno PostgreSQL verificado.

============================================================
2026-07-04 20:50:14
Permisos
============================================================
2026-07-04 20:50:14 [ INFO  ] Verificando directorio de respaldo...
2026-07-04 20:50:14 [ OK    ] Permisos de escritura correctos.

============================================================
2026-07-04 20:50:14
Espacio en Disco
============================================================
2026-07-04 20:50:14 [ INFO  ] Base de datos : 26M
2026-07-04 20:50:14 [ INFO  ] Disponible    : 31G
2026-07-04 20:50:14 [ INFO  ] Requerido     : 51M
2026-07-04 20:50:14 [ OK    ] Espacio suficiente.

============================================================
2026-07-04 20:50:14
Respaldo
============================================================
2026-07-04 20:50:14 [ INFO  ] Directorio : /var/backups/odoo/daily
2026-07-04 20:50:14 [ INFO  ] Archivo    : /var/backups/odoo/daily/Prysme_2026-07-04_20-50-14.dump
2026-07-04 20:50:14 [ INFO  ] Iniciando respaldo...
2026-07-04 20:50:15 [ OK    ] Respaldo generado.
2026-07-04 20:50:15 [ INFO  ] Tamaño : 1.6M

============================================================
2026-07-04 20:50:15
Rotación
============================================================
2026-07-04 20:50:15 [ SKIP  ] Hoy no corresponde rotación semanal.
2026-07-04 20:50:15 [ SKIP  ] Hoy no corresponde rotación mensual.
2026-07-04 20:50:15 [ OK    ] Rotación finalizada.
2026-07-04 20:50:15 [ OK    ] Backup completado correctamente.

============================================================
2026-07-04 20:50:33
Odoo Admin - backup-db
============================================================
2026-07-04 20:50:33 [ INFO  ] Producto : Odoo Admin 1.0
2026-07-04 20:50:33 [ INFO  ] Módulo   : backup-db 1.0
2026-07-04 20:50:33 [ OK    ] Configuración cargada.

============================================================
2026-07-04 20:50:33
Odoo Admin - backup-db
============================================================
2026-07-04 20:50:33 [ INFO  ] Producto : Odoo Admin 1.0
2026-07-04 20:50:33 [ INFO  ] Módulo   : backup-db 1.0

============================================================
2026-07-04 20:50:33
Entorno
============================================================
2026-07-04 20:50:34 [ OK    ] Entorno PostgreSQL verificado.

============================================================
2026-07-04 20:50:34
Permisos
============================================================
2026-07-04 20:50:34 [ INFO  ] Verificando directorio de respaldo...
2026-07-04 20:50:34 [ OK    ] Permisos de escritura correctos.

============================================================
2026-07-04 20:50:34
Espacio en Disco
============================================================
2026-07-04 20:50:34 [ INFO  ] Base de datos : 26M
2026-07-04 20:50:34 [ INFO  ] Disponible    : 31G
2026-07-04 20:50:34 [ INFO  ] Requerido     : 51M
2026-07-04 20:50:34 [ OK    ] Espacio suficiente.

============================================================
2026-07-04 20:50:34
Respaldo
============================================================
2026-07-04 20:50:34 [ INFO  ] Directorio : /var/backups/odoo/daily
2026-07-04 20:50:34 [ INFO  ] Archivo    : /var/backups/odoo/daily/Prysme_2026-07-04_20-50-34.dump
2026-07-04 20:50:34 [ INFO  ] Iniciando respaldo...
2026-07-04 20:50:35 [ OK    ] Respaldo generado.
2026-07-04 20:50:35 [ INFO  ] Tamaño : 1.6M

============================================================
2026-07-04 20:50:35
Rotación
============================================================
2026-07-04 20:50:35 [ SKIP  ] Hoy no corresponde rotación semanal.
2026-07-04 20:50:35 [ SKIP  ] Hoy no corresponde rotación mensual.
2026-07-04 20:50:35 [ OK    ] Rotación finalizada.
2026-07-04 20:50:35 [ OK    ] Backup completado correctamente.

============================================================
2026-07-04 20:56:19
Odoo Admin - backup-db
============================================================
2026-07-04 20:56:19 [ INFO  ] Producto : Odoo Admin 1.0
2026-07-04 20:56:19 [ INFO  ] Módulo   : backup-db 1.0
2026-07-04 20:56:19 [ OK    ] Configuración cargada.

============================================================
2026-07-04 20:56:19
Odoo Admin - backup-db
============================================================
2026-07-04 20:56:19 [ INFO  ] Producto : Odoo Admin 1.0
2026-07-04 20:56:19 [ INFO  ] Módulo   : backup-db 1.0

============================================================
2026-07-04 20:56:19
Entorno
============================================================
2026-07-04 20:56:19 [ OK    ] Entorno PostgreSQL verificado.

============================================================
2026-07-04 20:56:20
Permisos
============================================================
2026-07-04 20:56:20 [ INFO  ] Verificando directorio de respaldo...
2026-07-04 20:56:20 [ OK    ] Permisos de escritura correctos.

============================================================
2026-07-04 20:56:20
Espacio en Disco
============================================================
2026-07-04 20:56:20 [ INFO  ] Base de datos : 26M
2026-07-04 20:56:20 [ INFO  ] Disponible    : 31G
2026-07-04 20:56:20 [ INFO  ] Requerido     : 51M
2026-07-04 20:56:20 [ OK    ] Espacio suficiente.

============================================================
2026-07-04 20:56:20
Respaldo
============================================================
2026-07-04 20:56:20 [ INFO  ] Directorio : /var/backups/odoo/daily
2026-07-04 20:56:20 [ INFO  ] Archivo    : /var/backups/odoo/daily/Prysme_2026-07-04_20-56-20.dump
2026-07-04 20:56:20 [ INFO  ] Iniciando respaldo...
2026-07-04 20:56:21 [ OK    ] Respaldo generado.
2026-07-04 20:56:21 [ INFO  ] Tamaño : 1.6M

============================================================
2026-07-04 20:56:21
Rotación
============================================================
2026-07-04 20:56:21 [ SKIP  ] Hoy no corresponde rotación semanal.
2026-07-04 20:56:21 [ SKIP  ] Hoy no corresponde rotación mensual.
2026-07-04 20:56:21 [ OK    ] Rotación finalizada.
2026-07-04 20:56:21 [ OK    ] Backup completado correctamente.

============================================================
2026-07-04 21:10:22
Odoo Admin - backup-db
============================================================
2026-07-04 21:10:22 [ INFO  ] Producto : Odoo Admin 1.0
2026-07-04 21:10:22 [ INFO  ] Módulo   : backup-db 1.0
2026-07-04 21:10:22 [ OK    ] Configuración cargada.

============================================================
2026-07-04 21:10:22
Odoo Admin - backup-db
============================================================
2026-07-04 21:10:22 [ INFO  ] Producto : Odoo Admin 1.0
2026-07-04 21:10:22 [ INFO  ] Módulo   : backup-db 1.0

============================================================
2026-07-04 21:10:22
Entorno
============================================================
2026-07-04 21:10:22 [ OK    ] Entorno PostgreSQL verificado.

============================================================
2026-07-04 21:10:22
Permisos
============================================================
2026-07-04 21:10:22 [ INFO  ] Verificando directorio de respaldo...
2026-07-04 21:10:22 [ OK    ] Permisos de escritura correctos.

============================================================
2026-07-04 21:10:22
Espacio en Disco
============================================================
2026-07-04 21:10:22 [ INFO  ] Base de datos : 26M
2026-07-04 21:10:22 [ INFO  ] Disponible    : 31G
2026-07-04 21:10:22 [ INFO  ] Requerido     : 51M
2026-07-04 21:10:22 [ OK    ] Espacio suficiente.

============================================================
2026-07-04 21:10:22
Respaldo
============================================================
2026-07-04 21:10:22 [ INFO  ] Directorio : /var/backups/odoo/daily
2026-07-04 21:10:22 [ INFO  ] Archivo    : /var/backups/odoo/daily/Prysme_2026-07-04_21-10-22.dump
2026-07-04 21:10:22 [ INFO  ] Iniciando respaldo...
2026-07-04 21:10:24 [ OK    ] Respaldo generado.
2026-07-04 21:10:24 [ INFO  ] Tamaño : 1.6M

============================================================
2026-07-04 21:10:24
Rotación
============================================================
2026-07-04 21:10:24 [ SKIP  ] Hoy no corresponde rotación semanal.
2026-07-04 21:10:24 [ SKIP  ] Hoy no corresponde rotación mensual.
2026-07-04 21:10:24 [ OK    ] Rotación finalizada.

============================================================
2026-07-04 21:10:24
Retención
============================================================

============================================================
2026-07-04 21:10:24
Retención - Daily
============================================================
2026-07-04 21:10:24 [ INFO  ] Directorio : /var/backups/odoo/daily
2026-07-04 21:10:24 [ INFO  ] Respaldos  : 11
2026-07-04 21:10:24 [ INFO  ] Retención  : 7
2026-07-04 21:10:24 [ INFO  ] Respaldos a eliminar : 4
2026-07-04 21:10:24 [ OK    ] Eliminado: Prysme_2026-07-04_18-32-39.dump
2026-07-04 21:10:24 [ OK    ] Eliminado: Prysme_2026-07-04_18-52-05.dump
2026-07-04 21:10:24 [ OK    ] Eliminado: Prysme_2026-07-04_18-58-12.dump
2026-07-04 21:10:24 [ OK    ] Eliminado: Prysme_2026-07-04_19-14-54.dump
2026-07-04 21:10:24 [ OK    ] Retención aplicada.

============================================================
2026-07-04 21:10:24
Retención - Weekly
============================================================
2026-07-04 21:10:24 [ INFO  ] Directorio : /var/backups/odoo/weekly
2026-07-04 21:10:24 [ INFO  ] Respaldos  : 0
2026-07-04 21:10:24 [ INFO  ] Retención  : 4
2026-07-04 21:10:24 [ SKIP  ] No existen respaldos excedentes.

============================================================
2026-07-04 21:10:24
Retención - Monthly
============================================================
2026-07-04 21:10:24 [ INFO  ] Directorio : /var/backups/odoo/monthly
2026-07-04 21:10:24 [ INFO  ] Respaldos  : 0
2026-07-04 21:10:24 [ INFO  ] Retención  : 12
2026-07-04 21:10:24 [ SKIP  ] No existen respaldos excedentes.
2026-07-04 21:10:24 [ OK    ] Política de retención finalizada.
2026-07-04 21:10:24 [ OK    ] Backup completado correctamente.

============================================================
2026-07-04 21:10:33
Odoo Admin - backup-db
============================================================
2026-07-04 21:10:33 [ INFO  ] Producto : Odoo Admin 1.0
2026-07-04 21:10:33 [ INFO  ] Módulo   : backup-db 1.0
2026-07-04 21:10:33 [ OK    ] Configuración cargada.

============================================================
2026-07-04 21:10:33
Odoo Admin - backup-db
============================================================
2026-07-04 21:10:33 [ INFO  ] Producto : Odoo Admin 1.0
2026-07-04 21:10:33 [ INFO  ] Módulo   : backup-db 1.0

============================================================
2026-07-04 21:10:33
Entorno
============================================================
2026-07-04 21:10:33 [ OK    ] Entorno PostgreSQL verificado.

============================================================
2026-07-04 21:10:33
Permisos
============================================================
2026-07-04 21:10:33 [ INFO  ] Verificando directorio de respaldo...
2026-07-04 21:10:33 [ OK    ] Permisos de escritura correctos.

============================================================
2026-07-04 21:10:33
Espacio en Disco
============================================================
2026-07-04 21:10:33 [ INFO  ] Base de datos : 26M
2026-07-04 21:10:33 [ INFO  ] Disponible    : 31G
2026-07-04 21:10:34 [ INFO  ] Requerido     : 51M
2026-07-04 21:10:34 [ OK    ] Espacio suficiente.

============================================================
2026-07-04 21:10:34
Respaldo
============================================================
2026-07-04 21:10:34 [ INFO  ] Directorio : /var/backups/odoo/daily
2026-07-04 21:10:34 [ INFO  ] Archivo    : /var/backups/odoo/daily/Prysme_2026-07-04_21-10-34.dump
2026-07-04 21:10:34 [ INFO  ] Iniciando respaldo...
2026-07-04 21:10:35 [ OK    ] Respaldo generado.
2026-07-04 21:10:35 [ INFO  ] Tamaño : 1.6M

============================================================
2026-07-04 21:10:35
Rotación
============================================================
2026-07-04 21:10:35 [ SKIP  ] Hoy no corresponde rotación semanal.
2026-07-04 21:10:35 [ SKIP  ] Hoy no corresponde rotación mensual.
2026-07-04 21:10:35 [ OK    ] Rotación finalizada.

============================================================
2026-07-04 21:10:35
Retención
============================================================

============================================================
2026-07-04 21:10:35
Retención - Daily
============================================================
2026-07-04 21:10:35 [ INFO  ] Directorio : /var/backups/odoo/daily
2026-07-04 21:10:35 [ INFO  ] Respaldos  : 8
2026-07-04 21:10:35 [ INFO  ] Retención  : 7
2026-07-04 21:10:35 [ INFO  ] Respaldos a eliminar : 1
2026-07-04 21:10:35 [ OK    ] Eliminado: Prysme_2026-07-04_19-17-55.dump
2026-07-04 21:10:35 [ OK    ] Retención aplicada.

============================================================
2026-07-04 21:10:35
Retención - Weekly
============================================================
2026-07-04 21:10:35 [ INFO  ] Directorio : /var/backups/odoo/weekly
2026-07-04 21:10:35 [ INFO  ] Respaldos  : 0
2026-07-04 21:10:35 [ INFO  ] Retención  : 4
2026-07-04 21:10:35 [ SKIP  ] No existen respaldos excedentes.

============================================================
2026-07-04 21:10:35
Retención - Monthly
============================================================
2026-07-04 21:10:35 [ INFO  ] Directorio : /var/backups/odoo/monthly
2026-07-04 21:10:35 [ INFO  ] Respaldos  : 0
2026-07-04 21:10:35 [ INFO  ] Retención  : 12
2026-07-04 21:10:35 [ SKIP  ] No existen respaldos excedentes.
2026-07-04 21:10:35 [ OK    ] Política de retención finalizada.
2026-07-04 21:10:35 [ OK    ] Backup completado correctamente.

============================================================
2026-07-04 22:07:51
Odoo Admin - backup-db
============================================================
2026-07-04 22:07:51 [ INFO  ] Producto : Odoo Admin 1.0
2026-07-04 22:07:51 [ INFO  ] Módulo   : backup-db 1.0
2026-07-04 22:07:51 [ OK    ] Configuración cargada.

============================================================
2026-07-04 22:07:51
Odoo Admin - backup-db
============================================================
2026-07-04 22:07:51 [ INFO  ] Producto : Odoo Admin 1.0
2026-07-04 22:07:51 [ INFO  ] Módulo   : backup-db 1.0

============================================================
2026-07-04 22:07:51
Entorno
============================================================
2026-07-04 22:07:51 [ OK    ] Entorno PostgreSQL verificado.

============================================================
2026-07-04 22:07:51
Permisos
============================================================
2026-07-04 22:07:51 [ INFO  ] Verificando directorio de respaldo...
2026-07-04 22:07:51 [ OK    ] Permisos de escritura correctos.

============================================================
2026-07-04 22:07:51
Espacio en Disco
============================================================
2026-07-04 22:07:51 [ INFO  ] Base de datos : 26M
2026-07-04 22:07:52 [ INFO  ] Disponible    : 31G
2026-07-04 22:07:52 [ INFO  ] Requerido     : 51M
2026-07-04 22:07:52 [ OK    ] Espacio suficiente.

============================================================
2026-07-04 22:07:52
Respaldo
============================================================
2026-07-04 22:07:52 [ INFO  ] Directorio : /var/backups/odoo/daily
2026-07-04 22:07:52 [ INFO  ] Archivo    : /var/backups/odoo/daily/Prysme_2026-07-04_22-07-52.dump
2026-07-04 22:07:52 [ INFO  ] Iniciando respaldo...
2026-07-04 22:07:53 [ OK    ] Respaldo generado.
2026-07-04 22:07:53 [ INFO  ] Tamaño : 1.6M

============================================================
2026-07-04 22:07:53
Rotación
============================================================
2026-07-04 22:07:53 [ SKIP  ] Hoy no corresponde rotación semanal.
2026-07-04 22:07:53 [ SKIP  ] Hoy no corresponde rotación mensual.
2026-07-04 22:07:53 [ OK    ] Rotación finalizada.

============================================================
2026-07-04 22:07:53
Retención
============================================================

============================================================
2026-07-04 22:07:53
Retención - Daily
============================================================
2026-07-04 22:07:53 [ INFO  ] Directorio : /var/backups/odoo/daily
2026-07-04 22:07:53 [ INFO  ] Respaldos  : 8
2026-07-04 22:07:53 [ INFO  ] Retención  : 7
2026-07-04 22:07:53 [ INFO  ] Respaldos a eliminar : 1
2026-07-04 22:07:53 [ OK    ] Eliminado: Prysme_2026-07-04_19-21-36.dump
2026-07-04 22:07:53 [ OK    ] Retención aplicada.

============================================================
2026-07-04 22:07:53
Retención - Weekly
============================================================
2026-07-04 22:07:53 [ INFO  ] Directorio : /var/backups/odoo/weekly
2026-07-04 22:07:53 [ INFO  ] Respaldos  : 0
2026-07-04 22:07:53 [ INFO  ] Retención  : 4
2026-07-04 22:07:53 [ SKIP  ] No existen respaldos excedentes.

============================================================
2026-07-04 22:07:53
Retención - Monthly
============================================================
2026-07-04 22:07:53 [ INFO  ] Directorio : /var/backups/odoo/monthly
2026-07-04 22:07:53 [ INFO  ] Respaldos  : 0
2026-07-04 22:07:53 [ INFO  ] Retención  : 12
2026-07-04 22:07:53 [ SKIP  ] No existen respaldos excedentes.
2026-07-04 22:07:53 [ OK    ] Política de retención finalizada.
2026-07-04 22:07:53 [ OK    ] Backup completado correctamente.

============================================================
2026-07-04 22:08:04
Odoo Admin - backup-db
============================================================
2026-07-04 22:08:04 [ INFO  ] Producto : Odoo Admin 1.0
2026-07-04 22:08:04 [ INFO  ] Módulo   : backup-db 1.0
2026-07-04 22:08:04 [ OK    ] Configuración cargada.

============================================================
2026-07-04 22:08:04
Odoo Admin - backup-db
============================================================
2026-07-04 22:08:04 [ INFO  ] Producto : Odoo Admin 1.0
2026-07-04 22:08:04 [ INFO  ] Módulo   : backup-db 1.0

============================================================
2026-07-04 22:08:04
Entorno
============================================================
2026-07-04 22:08:04 [ OK    ] Entorno PostgreSQL verificado.

============================================================
2026-07-04 22:08:04
Permisos
============================================================
2026-07-04 22:08:04 [ INFO  ] Verificando directorio de respaldo...
2026-07-04 22:08:04 [ OK    ] Permisos de escritura correctos.

============================================================
2026-07-04 22:08:04
Espacio en Disco
============================================================
2026-07-04 22:08:04 [ INFO  ] Base de datos : 26M
2026-07-04 22:08:04 [ INFO  ] Disponible    : 31G
2026-07-04 22:08:04 [ INFO  ] Requerido     : 51M
2026-07-04 22:08:04 [ OK    ] Espacio suficiente.

============================================================
2026-07-04 22:08:04
Respaldo
============================================================
2026-07-04 22:08:05 [ INFO  ] Directorio : /var/backups/odoo/daily
2026-07-04 22:08:05 [ INFO  ] Archivo    : /var/backups/odoo/daily/Prysme_2026-07-04_22-08-04.dump
2026-07-04 22:08:05 [ INFO  ] Iniciando respaldo...
2026-07-04 22:08:06 [ OK    ] Respaldo generado.
2026-07-04 22:08:06 [ INFO  ] Tamaño : 1.6M

============================================================
2026-07-04 22:08:06
Rotación
============================================================
2026-07-04 22:08:06 [ SKIP  ] Hoy no corresponde rotación semanal.
2026-07-04 22:08:06 [ SKIP  ] Hoy no corresponde rotación mensual.
2026-07-04 22:08:06 [ OK    ] Rotación finalizada.

============================================================
2026-07-04 22:08:06
Retención
============================================================

============================================================
2026-07-04 22:08:06
Retención - Daily
============================================================
2026-07-04 22:08:06 [ INFO  ] Directorio : /var/backups/odoo/daily
2026-07-04 22:08:06 [ INFO  ] Respaldos  : 8
2026-07-04 22:08:06 [ INFO  ] Retención  : 7
2026-07-04 22:08:06 [ INFO  ] Respaldos a eliminar : 1
2026-07-04 22:08:06 [ OK    ] Eliminado: Prysme_2026-07-04_19-22-25.dump
2026-07-04 22:08:06 [ OK    ] Retención aplicada.

============================================================
2026-07-04 22:08:06
Retención - Weekly
============================================================
2026-07-04 22:08:06 [ INFO  ] Directorio : /var/backups/odoo/weekly
2026-07-04 22:08:06 [ INFO  ] Respaldos  : 0
2026-07-04 22:08:06 [ INFO  ] Retención  : 4
2026-07-04 22:08:06 [ SKIP  ] No existen respaldos excedentes.

============================================================
2026-07-04 22:08:06
Retención - Monthly
============================================================
2026-07-04 22:08:06 [ INFO  ] Directorio : /var/backups/odoo/monthly
2026-07-04 22:08:06 [ INFO  ] Respaldos  : 0
2026-07-04 22:08:06 [ INFO  ] Retención  : 12
2026-07-04 22:08:06 [ SKIP  ] No existen respaldos excedentes.
2026-07-04 22:08:06 [ OK    ] Política de retención finalizada.
2026-07-04 22:08:06 [ OK    ] Backup completado correctamente.
2026-07-04 22:14:22 [ OK    ] Configuración cargada.

============================================================
2026-07-04 22:14:22
Odoo Admin - backup-db
============================================================
2026-07-04 22:14:22 [ INFO  ] Producto : Odoo Admin 1.0
2026-07-04 22:14:22 [ INFO  ] Módulo   : backup-db 1.0

============================================================
2026-07-04 22:14:22
Entorno
============================================================
2026-07-04 22:14:23 [ OK    ] Entorno PostgreSQL verificado.

============================================================
2026-07-04 22:14:23
Permisos
============================================================
2026-07-04 22:14:23 [ INFO  ] Verificando directorio de respaldo...
2026-07-04 22:14:23 [ OK    ] Permisos de escritura correctos.

============================================================
2026-07-04 22:14:23
Espacio en Disco
============================================================
2026-07-04 22:14:23 [ INFO  ] Base de datos : 26M
2026-07-04 22:14:23 [ INFO  ] Disponible    : 31G
2026-07-04 22:14:23 [ INFO  ] Requerido     : 51M
2026-07-04 22:14:23 [ OK    ] Espacio suficiente.

============================================================
2026-07-04 22:14:23
Respaldo
============================================================
2026-07-04 22:14:23 [ INFO  ] Directorio : /var/backups/odoo/daily
2026-07-04 22:14:23 [ INFO  ] Archivo    : /var/backups/odoo/daily/Prysme_2026-07-04_22-14-23.dump
2026-07-04 22:14:23 [ INFO  ] Iniciando respaldo...
2026-07-04 22:14:24 [ OK    ] Respaldo generado.
2026-07-04 22:14:24 [ INFO  ] Tamaño : 1.6M

============================================================
2026-07-04 22:14:24
Rotación
============================================================
2026-07-04 22:14:24 [ SKIP  ] Hoy no corresponde rotación semanal.
2026-07-04 22:14:24 [ SKIP  ] Hoy no corresponde rotación mensual.
2026-07-04 22:14:24 [ OK    ] Rotación finalizada.

============================================================
2026-07-04 22:14:24
Retención
============================================================

============================================================
2026-07-04 22:14:24
Retención - Daily
============================================================
2026-07-04 22:14:24 [ INFO  ] Directorio : /var/backups/odoo/daily
2026-07-04 22:14:24 [ INFO  ] Respaldos  : 8
2026-07-04 22:14:24 [ INFO  ] Retención  : 7
2026-07-04 22:14:24 [ INFO  ] Respaldos a eliminar : 1
2026-07-04 22:14:24 [ OK    ] Eliminado: Prysme_2026-07-04_20-50-14.dump
2026-07-04 22:14:24 [ OK    ] Retención aplicada.

============================================================
2026-07-04 22:14:24
Retención - Weekly
============================================================
2026-07-04 22:14:24 [ INFO  ] Directorio : /var/backups/odoo/weekly
2026-07-04 22:14:24 [ INFO  ] Respaldos  : 0
2026-07-04 22:14:24 [ INFO  ] Retención  : 4
2026-07-04 22:14:24 [ SKIP  ] No existen respaldos excedentes.

============================================================
2026-07-04 22:14:24
Retención - Monthly
============================================================
2026-07-04 22:14:24 [ INFO  ] Directorio : /var/backups/odoo/monthly
2026-07-04 22:14:24 [ INFO  ] Respaldos  : 0
2026-07-04 22:14:24 [ INFO  ] Retención  : 12
2026-07-04 22:14:24 [ SKIP  ] No existen respaldos excedentes.
2026-07-04 22:14:24 [ OK    ] Política de retención finalizada.
2026-07-04 22:14:24 [ OK    ] Backup completado correctamente.
2026-07-04 22:14:36 [ OK    ] Configuración cargada.

============================================================
2026-07-04 22:14:36
Odoo Admin - backup-db
============================================================
2026-07-04 22:14:36 [ INFO  ] Producto : Odoo Admin 1.0
2026-07-04 22:14:36 [ INFO  ] Módulo   : backup-db 1.0

============================================================
2026-07-04 22:14:36
Entorno
============================================================
2026-07-04 22:14:36 [ OK    ] Entorno PostgreSQL verificado.

============================================================
2026-07-04 22:14:36
Permisos
============================================================
2026-07-04 22:14:36 [ INFO  ] Verificando directorio de respaldo...
2026-07-04 22:14:36 [ OK    ] Permisos de escritura correctos.

============================================================
2026-07-04 22:14:36
Espacio en Disco
============================================================
2026-07-04 22:14:36 [ INFO  ] Base de datos : 26M
2026-07-04 22:14:36 [ INFO  ] Disponible    : 31G
2026-07-04 22:14:36 [ INFO  ] Requerido     : 51M
2026-07-04 22:14:36 [ OK    ] Espacio suficiente.

============================================================
2026-07-04 22:14:36
Respaldo
============================================================
2026-07-04 22:14:36 [ INFO  ] Directorio : /var/backups/odoo/daily
2026-07-04 22:14:36 [ INFO  ] Archivo    : /var/backups/odoo/daily/Prysme_2026-07-04_22-14-36.dump
2026-07-04 22:14:36 [ INFO  ] Iniciando respaldo...
2026-07-04 22:14:38 [ OK    ] Respaldo generado.
2026-07-04 22:14:38 [ INFO  ] Tamaño : 1.6M

============================================================
2026-07-04 22:14:38
Rotación
============================================================
2026-07-04 22:14:38 [ SKIP  ] Hoy no corresponde rotación semanal.
2026-07-04 22:14:38 [ SKIP  ] Hoy no corresponde rotación mensual.
2026-07-04 22:14:38 [ OK    ] Rotación finalizada.

============================================================
2026-07-04 22:14:38
Retención
============================================================

============================================================
2026-07-04 22:14:38
Retención - Daily
============================================================
2026-07-04 22:14:38 [ INFO  ] Directorio : /var/backups/odoo/daily
2026-07-04 22:14:38 [ INFO  ] Respaldos  : 8
2026-07-04 22:14:38 [ INFO  ] Retención  : 7
2026-07-04 22:14:38 [ INFO  ] Respaldos a eliminar : 1
2026-07-04 22:14:38 [ OK    ] Eliminado: Prysme_2026-07-04_20-50-34.dump
2026-07-04 22:14:38 [ OK    ] Retención aplicada.

============================================================
2026-07-04 22:14:38
Retención - Weekly
============================================================
2026-07-04 22:14:38 [ INFO  ] Directorio : /var/backups/odoo/weekly
2026-07-04 22:14:38 [ INFO  ] Respaldos  : 0
2026-07-04 22:14:38 [ INFO  ] Retención  : 4
2026-07-04 22:14:38 [ SKIP  ] No existen respaldos excedentes.

============================================================
2026-07-04 22:14:38
Retención - Monthly
============================================================
2026-07-04 22:14:38 [ INFO  ] Directorio : /var/backups/odoo/monthly
2026-07-04 22:14:38 [ INFO  ] Respaldos  : 0
2026-07-04 22:14:38 [ INFO  ] Retención  : 12
2026-07-04 22:14:38 [ SKIP  ] No existen respaldos excedentes.
2026-07-04 22:14:38 [ OK    ] Política de retención finalizada.
2026-07-04 22:14:38 [ OK    ] Backup completado correctamente.
2026-07-04 22:15:30 [ OK    ] Configuración cargada.

============================================================
2026-07-04 22:15:30
Odoo Admin - backup-db
============================================================
2026-07-04 22:15:30 [ INFO  ] Producto : Odoo Admin 1.0
2026-07-04 22:15:30 [ INFO  ] Módulo   : backup-db 1.0

============================================================
2026-07-04 22:15:30
Entorno
============================================================
2026-07-04 22:15:30 [ OK    ] Entorno PostgreSQL verificado.

============================================================
2026-07-04 22:15:30
Permisos
============================================================
2026-07-04 22:15:30 [ INFO  ] Verificando directorio de respaldo...
2026-07-04 22:15:30 [ OK    ] Permisos de escritura correctos.

============================================================
2026-07-04 22:15:30
Espacio en Disco
============================================================
2026-07-04 22:15:30 [ INFO  ] Base de datos : 26M
2026-07-04 22:15:30 [ INFO  ] Disponible    : 31G
2026-07-04 22:15:30 [ INFO  ] Requerido     : 51M
2026-07-04 22:15:30 [ OK    ] Espacio suficiente.

============================================================
2026-07-04 22:15:30
Respaldo
============================================================
2026-07-04 22:15:30 [ INFO  ] Directorio : /var/backups/odoo/daily
2026-07-04 22:15:30 [ INFO  ] Archivo    : /var/backups/odoo/daily/Prysme_2026-07-04_22-15-30.dump
2026-07-04 22:15:30 [ INFO  ] Iniciando respaldo...
2026-07-04 22:15:32 [ OK    ] Respaldo generado.
2026-07-04 22:15:32 [ INFO  ] Tamaño : 1.6M

============================================================
2026-07-04 22:15:32
Rotación
============================================================
2026-07-04 22:15:32 [ SKIP  ] Hoy no corresponde rotación semanal.
2026-07-04 22:15:32 [ SKIP  ] Hoy no corresponde rotación mensual.
2026-07-04 22:15:32 [ OK    ] Rotación finalizada.

============================================================
2026-07-04 22:15:32
Retención
============================================================

============================================================
2026-07-04 22:15:32
Retención - Daily
============================================================
2026-07-04 22:15:32 [ INFO  ] Directorio : /var/backups/odoo/daily
2026-07-04 22:15:32 [ INFO  ] Respaldos  : 8
2026-07-04 22:15:32 [ INFO  ] Retención  : 7
2026-07-04 22:15:32 [ INFO  ] Respaldos a eliminar : 1
2026-07-04 22:15:32 [ OK    ] Eliminado: Prysme_2026-07-04_20-56-20.dump
2026-07-04 22:15:32 [ OK    ] Retención aplicada.

============================================================
2026-07-04 22:15:32
Retención - Weekly
============================================================
2026-07-04 22:15:32 [ INFO  ] Directorio : /var/backups/odoo/weekly
2026-07-04 22:15:32 [ INFO  ] Respaldos  : 0
2026-07-04 22:15:32 [ INFO  ] Retención  : 4
2026-07-04 22:15:32 [ SKIP  ] No existen respaldos excedentes.

============================================================
2026-07-04 22:15:32
Retención - Monthly
============================================================
2026-07-04 22:15:32 [ INFO  ] Directorio : /var/backups/odoo/monthly
2026-07-04 22:15:32 [ INFO  ] Respaldos  : 0
2026-07-04 22:15:32 [ INFO  ] Retención  : 12
2026-07-04 22:15:32 [ SKIP  ] No existen respaldos excedentes.
2026-07-04 22:15:32 [ OK    ] Política de retención finalizada.
2026-07-04 22:15:32 [ OK    ] Backup completado correctamente.
2026-07-04 22:15:38 [ OK    ] Configuración cargada.

============================================================
2026-07-04 22:15:38
Odoo Admin - backup-db
============================================================
2026-07-04 22:15:38 [ INFO  ] Producto : Odoo Admin 1.0
2026-07-04 22:15:38 [ INFO  ] Módulo   : backup-db 1.0

============================================================
2026-07-04 22:15:38
Entorno
============================================================
2026-07-04 22:15:38 [ OK    ] Entorno PostgreSQL verificado.

============================================================
2026-07-04 22:15:38
Permisos
============================================================
2026-07-04 22:15:38 [ INFO  ] Verificando directorio de respaldo...
2026-07-04 22:15:38 [ OK    ] Permisos de escritura correctos.

============================================================
2026-07-04 22:15:38
Espacio en Disco
============================================================
2026-07-04 22:15:38 [ INFO  ] Base de datos : 26M
2026-07-04 22:15:38 [ INFO  ] Disponible    : 31G
2026-07-04 22:15:38 [ INFO  ] Requerido     : 51M
2026-07-04 22:15:38 [ OK    ] Espacio suficiente.

============================================================
2026-07-04 22:15:38
Respaldo
============================================================
2026-07-04 22:15:38 [ INFO  ] Directorio : /var/backups/odoo/daily
2026-07-04 22:15:38 [ INFO  ] Archivo    : /var/backups/odoo/daily/Prysme_2026-07-04_22-15-38.dump
2026-07-04 22:15:38 [ INFO  ] Iniciando respaldo...
2026-07-04 22:15:39 [ OK    ] Respaldo generado.
2026-07-04 22:15:40 [ INFO  ] Tamaño : 1.6M

============================================================
2026-07-04 22:15:40
Rotación
============================================================
2026-07-04 22:15:40 [ SKIP  ] Hoy no corresponde rotación semanal.
2026-07-04 22:15:40 [ SKIP  ] Hoy no corresponde rotación mensual.
2026-07-04 22:15:40 [ OK    ] Rotación finalizada.

============================================================
2026-07-04 22:15:40
Retención
============================================================

============================================================
2026-07-04 22:15:40
Retención - Daily
============================================================
2026-07-04 22:15:40 [ INFO  ] Directorio : /var/backups/odoo/daily
2026-07-04 22:15:40 [ INFO  ] Respaldos  : 8
2026-07-04 22:15:40 [ INFO  ] Retención  : 7
2026-07-04 22:15:40 [ INFO  ] Respaldos a eliminar : 1
2026-07-04 22:15:40 [ OK    ] Eliminado: Prysme_2026-07-04_21-10-22.dump
2026-07-04 22:15:40 [ OK    ] Retención aplicada.

============================================================
2026-07-04 22:15:40
Retención - Weekly
============================================================
2026-07-04 22:15:40 [ INFO  ] Directorio : /var/backups/odoo/weekly
2026-07-04 22:15:40 [ INFO  ] Respaldos  : 0
2026-07-04 22:15:40 [ INFO  ] Retención  : 4
2026-07-04 22:15:40 [ SKIP  ] No existen respaldos excedentes.

============================================================
2026-07-04 22:15:40
Retención - Monthly
============================================================
2026-07-04 22:15:40 [ INFO  ] Directorio : /var/backups/odoo/monthly
2026-07-04 22:15:40 [ INFO  ] Respaldos  : 0
2026-07-04 22:15:40 [ INFO  ] Retención  : 12
2026-07-04 22:15:40 [ SKIP  ] No existen respaldos excedentes.
2026-07-04 22:15:40 [ OK    ] Política de retención finalizada.
2026-07-04 22:15:40 [ OK    ] Backup completado correctamente.
2026-07-04 23:22:51 [ OK    ] Configuración cargada.

============================================================
2026-07-04 23:22:51
Odoo Admin - backup-db
============================================================
2026-07-04 23:22:51 [ INFO  ] Producto : Odoo Admin 1.0
2026-07-04 23:22:51 [ INFO  ] Módulo   : backup-db 1.0

============================================================
2026-07-04 23:22:51
Entorno
============================================================
2026-07-04 23:22:52 [ OK    ] Entorno PostgreSQL verificado.

============================================================
2026-07-04 23:22:52
Permisos
============================================================
2026-07-04 23:22:52 [ INFO  ] Verificando directorio de respaldo...
2026-07-04 23:22:52 [ OK    ] Permisos de escritura correctos.

============================================================
2026-07-04 23:22:52
Espacio en Disco
============================================================
2026-07-04 23:22:52 [ INFO  ] Base de datos : 26M
2026-07-04 23:22:52 [ INFO  ] Disponible    : 31G
2026-07-04 23:22:52 [ INFO  ] Requerido     : 51M
2026-07-04 23:22:52 [ OK    ] Espacio suficiente.

============================================================
2026-07-04 23:22:52
Respaldo
============================================================
2026-07-04 23:22:52 [ INFO  ] Directorio : /var/backups/odoo/daily
2026-07-04 23:22:52 [ INFO  ] Archivo    : /var/backups/odoo/daily/Prysme_2026-07-04_23-22-52.dump
2026-07-04 23:22:52 [ INFO  ] Iniciando respaldo...
2026-07-04 23:22:53 [ OK    ] Respaldo generado.
2026-07-04 23:22:53 [ INFO  ] Tamaño : 1.6M

============================================================
2026-07-04 23:22:53
Rotación
============================================================
2026-07-04 23:22:53 [ SKIP  ] Hoy no corresponde rotación semanal.
2026-07-04 23:22:53 [ SKIP  ] Hoy no corresponde rotación mensual.
2026-07-04 23:22:53 [ OK    ] Rotación finalizada.

============================================================
2026-07-04 23:22:53
Retención
============================================================

============================================================
2026-07-04 23:22:53
Retención - Daily
============================================================
2026-07-04 23:22:53 [ INFO  ] Directorio : /var/backups/odoo/daily
2026-07-04 23:22:53 [ INFO  ] Respaldos  : 8
2026-07-04 23:22:53 [ INFO  ] Retención  : 7
2026-07-04 23:22:53 [ INFO  ] Respaldos a eliminar : 1
2026-07-04 23:22:53 [ OK    ] Eliminado: Prysme_2026-07-04_21-10-34.dump
2026-07-04 23:22:53 [ OK    ] Retención aplicada.

============================================================
2026-07-04 23:22:53
Retención - Weekly
============================================================
2026-07-04 23:22:53 [ INFO  ] Directorio : /var/backups/odoo/weekly
2026-07-04 23:22:53 [ INFO  ] Respaldos  : 0
2026-07-04 23:22:53 [ INFO  ] Retención  : 4
2026-07-04 23:22:53 [ SKIP  ] No existen respaldos excedentes.

============================================================
2026-07-04 23:22:53
Retención - Monthly
============================================================
2026-07-04 23:22:53 [ INFO  ] Directorio : /var/backups/odoo/monthly
2026-07-04 23:22:53 [ INFO  ] Respaldos  : 0
2026-07-04 23:22:53 [ INFO  ] Retención  : 12
2026-07-04 23:22:53 [ SKIP  ] No existen respaldos excedentes.
2026-07-04 23:22:53 [ OK    ] Política de retención finalizada.
2026-07-04 23:22:53 [ OK    ] Backup completado correctamente.
2026-07-05 21:38:12 [ OK    ] Configuración cargada.

============================================================
2026-07-05 21:38:12
Odoo Admin - backup-db
============================================================
2026-07-05 21:38:12 [ INFO  ] Producto : Odoo Admin 1.0
2026-07-05 21:38:12 [ INFO  ] Módulo   : backup-db 1.0

============================================================
2026-07-05 21:38:12
Entorno
============================================================
2026-07-05 21:38:12 [ OK    ] Entorno PostgreSQL verificado.

============================================================
2026-07-05 21:38:12
Permisos
============================================================
2026-07-05 21:38:12 [ INFO  ] Verificando directorio de respaldo...
2026-07-05 21:38:12 [ OK    ] Permisos de escritura correctos.

============================================================
2026-07-05 21:38:12
Espacio en Disco
============================================================
2026-07-05 21:38:12 [ INFO  ] Base de datos : 26M
2026-07-05 21:38:12 [ INFO  ] Disponible    : 31G
2026-07-05 21:38:12 [ INFO  ] Requerido     : 51M
2026-07-05 21:38:12 [ OK    ] Espacio suficiente.

============================================================
2026-07-05 21:38:12
Respaldo
============================================================
2026-07-05 21:38:12 [ INFO  ] Directorio : /var/backups/odoo/daily
2026-07-05 21:38:12 [ INFO  ] Archivo    : /var/backups/odoo/daily/Prysme_2026-07-05_21-38-12.dump
2026-07-05 21:38:12 [ INFO  ] Iniciando respaldo...
2026-07-05 21:38:15 [ OK    ] Respaldo generado.
2026-07-05 21:38:15 [ INFO  ] Tamaño : 1.6M

============================================================
2026-07-05 21:38:15
Rotación
============================================================
2026-07-05 21:38:15 [ INFO  ] Archivando respaldo en Weekly...
2026-07-05 21:38:15 [ OK    ] Respaldo archivado en Weekly.
2026-07-05 21:38:15 [ SKIP  ] Hoy no corresponde rotación mensual.
2026-07-05 21:38:15 [ OK    ] Rotación finalizada.

============================================================
2026-07-05 21:38:15
Retención
============================================================

============================================================
2026-07-05 21:38:15
Retención - Daily
============================================================
2026-07-05 21:38:15 [ INFO  ] Directorio : /var/backups/odoo/daily
2026-07-05 21:38:15 [ INFO  ] Respaldos  : 8
2026-07-05 21:38:15 [ INFO  ] Retención  : 7
2026-07-05 21:38:15 [ INFO  ] Respaldos a eliminar : 1
2026-07-05 21:38:15 [ OK    ] Eliminado: Prysme_2026-07-04_22-07-52.dump
2026-07-05 21:38:15 [ OK    ] Retención aplicada.

============================================================
2026-07-05 21:38:15
Retención - Weekly
============================================================
2026-07-05 21:38:15 [ INFO  ] Directorio : /var/backups/odoo/weekly
2026-07-05 21:38:15 [ INFO  ] Respaldos  : 1
2026-07-05 21:38:15 [ INFO  ] Retención  : 4
2026-07-05 21:38:15 [ SKIP  ] No existen respaldos excedentes.

============================================================
2026-07-05 21:38:15
Retención - Monthly
============================================================
2026-07-05 21:38:15 [ INFO  ] Directorio : /var/backups/odoo/monthly
2026-07-05 21:38:15 [ INFO  ] Respaldos  : 0
2026-07-05 21:38:15 [ INFO  ] Retención  : 12
2026-07-05 21:38:15 [ SKIP  ] No existen respaldos excedentes.
2026-07-05 21:38:15 [ OK    ] Política de retención finalizada.
2026-07-05 21:38:15 [ OK    ] Backup completado correctamente.

============================================================
2026-07-05 22:54:29
Odoo Admin - backup-db
============================================================
2026-07-05 22:54:29 [ INFO  ] Producto : Odoo Admin 1.0
2026-07-05 22:54:29 [ INFO  ] Módulo   : backup-db 1.0
2026-07-05 22:54:29 [ OK    ] Configuración cargada.

============================================================
2026-07-05 22:54:29
Entorno
============================================================
2026-07-05 22:54:29 [ OK    ] Entorno PostgreSQL verificado.

============================================================
2026-07-05 22:54:29
Permisos
============================================================
2026-07-05 22:54:29 [ INFO  ] Verificando directorio de respaldo...
2026-07-05 22:54:29 [ OK    ] Permisos de escritura correctos.

============================================================
2026-07-05 22:54:29
Espacio en Disco
============================================================
2026-07-05 22:54:29 [ INFO  ] Base de datos : 26M
2026-07-05 22:54:29 [ INFO  ] Disponible    : 31G
2026-07-05 22:54:29 [ INFO  ] Requerido     : 51M
2026-07-05 22:54:29 [ OK    ] Espacio suficiente.

============================================================
2026-07-05 22:54:29
Respaldo
============================================================
2026-07-05 22:54:29 [ INFO  ] Directorio : /var/backups/odoo/daily
2026-07-05 22:54:29 [ INFO  ] Archivo    : /var/backups/odoo/daily/Prysme_2026-07-05_22-54-29.dump
2026-07-05 22:54:29 [ INFO  ] Iniciando respaldo...
2026-07-05 22:54:31 [ OK    ] Respaldo generado.
2026-07-05 22:54:31 [ INFO  ] Tamaño : 1.6M

============================================================
2026-07-05 22:54:31
Rotación
============================================================
2026-07-05 22:54:31 [ INFO  ] Archivando respaldo en Weekly...
2026-07-05 22:54:31 [ OK    ] Respaldo archivado en Weekly.
2026-07-05 22:54:31 [ SKIP  ] Hoy no corresponde rotación mensual.
2026-07-05 22:54:31 [ OK    ] Rotación finalizada.

============================================================
2026-07-05 22:54:31
Retención
============================================================
2026-07-05 22:54:31 [ INFO  ] Aplicando retención diaria...
2026-07-05 22:54:31 [ INFO  ] Aplicando retención semanal...
2026-07-05 22:54:31 [ INFO  ] Aplicando retención mensual...
2026-07-05 22:54:31 [ OK    ] Retención finalizada.
2026-07-05 22:54:31 [ OK    ] Backup completado correctamente.

============================================================
2026-07-05 22:54:50
Odoo Admin - backup-db
============================================================
2026-07-05 22:54:50 [ INFO  ] Producto : Odoo Admin 1.0
2026-07-05 22:54:50 [ INFO  ] Módulo   : backup-db 1.0
2026-07-05 22:54:50 [ OK    ] Configuración cargada.

============================================================
2026-07-05 22:54:50
Entorno
============================================================
2026-07-05 22:54:51 [ OK    ] Entorno PostgreSQL verificado.

============================================================
2026-07-05 22:54:51
Permisos
============================================================
2026-07-05 22:54:51 [ INFO  ] Verificando directorio de respaldo...
2026-07-05 22:54:51 [ OK    ] Permisos de escritura correctos.

============================================================
2026-07-05 22:54:51
Espacio en Disco
============================================================
2026-07-05 22:54:51 [ INFO  ] Base de datos : 26M
2026-07-05 22:54:51 [ INFO  ] Disponible    : 31G
2026-07-05 22:54:51 [ INFO  ] Requerido     : 51M
2026-07-05 22:54:51 [ OK    ] Espacio suficiente.

============================================================
2026-07-05 22:54:51
Respaldo
============================================================
2026-07-05 22:54:51 [ INFO  ] Directorio : /var/backups/odoo/daily
2026-07-05 22:54:51 [ INFO  ] Archivo    : /var/backups/odoo/daily/Prysme_2026-07-05_22-54-51.dump
2026-07-05 22:54:51 [ INFO  ] Iniciando respaldo...
2026-07-05 22:54:52 [ OK    ] Respaldo generado.
2026-07-05 22:54:52 [ INFO  ] Tamaño : 1.6M

============================================================
2026-07-05 22:54:52
Rotación
============================================================
2026-07-05 22:54:52 [ INFO  ] Archivando respaldo en Weekly...
2026-07-05 22:54:52 [ OK    ] Respaldo archivado en Weekly.
2026-07-05 22:54:52 [ SKIP  ] Hoy no corresponde rotación mensual.
2026-07-05 22:54:52 [ OK    ] Rotación finalizada.

============================================================
2026-07-05 22:54:52
Retención
============================================================
2026-07-05 22:54:52 [ INFO  ] Aplicando retención diaria...
2026-07-05 22:54:52 [ INFO  ] Aplicando retención semanal...
2026-07-05 22:54:52 [ INFO  ] Aplicando retención mensual...
2026-07-05 22:54:52 [ OK    ] Retención finalizada.
2026-07-05 22:54:52 [ OK    ] Backup completado correctamente.

============================================================
2026-07-05 22:57:21
Odoo Admin - backup-db
============================================================
2026-07-05 22:57:21 [ INFO  ] Producto : Odoo Admin 1.0
2026-07-05 22:57:21 [ INFO  ] Módulo   : backup-db 1.0
2026-07-05 22:57:21 [ OK    ] Configuración cargada.

============================================================
2026-07-05 22:57:21
Entorno
============================================================
2026-07-05 22:57:21 [ OK    ] Entorno PostgreSQL verificado.

============================================================
2026-07-05 22:57:21
Permisos
============================================================
2026-07-05 22:57:21 [ INFO  ] Verificando directorio de respaldo...
2026-07-05 22:57:21 [ OK    ] Permisos de escritura correctos.

============================================================
2026-07-05 22:57:21
Espacio en Disco
============================================================
2026-07-05 22:57:21 [ INFO  ] Base de datos : 26M
2026-07-05 22:57:21 [ INFO  ] Disponible    : 31G
2026-07-05 22:57:21 [ INFO  ] Requerido     : 51M
2026-07-05 22:57:21 [ OK    ] Espacio suficiente.

============================================================
2026-07-05 22:57:21
Respaldo
============================================================
2026-07-05 22:57:21 [ INFO  ] Directorio : /var/backups/odoo/daily
2026-07-05 22:57:21 [ INFO  ] Archivo    : /var/backups/odoo/daily/Prysme_2026-07-05_22-57-21.dump
2026-07-05 22:57:21 [ INFO  ] Iniciando respaldo...
2026-07-05 22:57:23 [ OK    ] Respaldo generado.
2026-07-05 22:57:23 [ INFO  ] Tamaño : 1.6M

============================================================
2026-07-05 22:57:23
Rotación
============================================================
2026-07-05 22:57:23 [ INFO  ] Archivando respaldo en Weekly...
2026-07-05 22:57:23 [ OK    ] Respaldo archivado en Weekly.
2026-07-05 22:57:23 [ SKIP  ] Hoy no corresponde rotación mensual.
2026-07-05 22:57:23 [ OK    ] Rotación finalizada.

============================================================
2026-07-05 22:57:23
Retención
============================================================
2026-07-05 22:57:23 [ INFO  ] Aplicando retención diaria...
2026-07-05 22:57:23 [ INFO  ] Aplicando retención semanal...
2026-07-05 22:57:23 [ INFO  ] Aplicando retención mensual...
2026-07-05 22:57:23 [ OK    ] Retención finalizada.
2026-07-05 22:57:23 [ OK    ] Backup completado correctamente.

============================================================
2026-07-05 23:05:45
Odoo Admin - backup-files
============================================================
2026-07-05 23:05:45 [ INFO  ] Producto : Odoo Admin 1.0
2026-07-05 23:05:45 [ INFO  ] Módulo   : backup-files 1.0
2026-07-05 23:05:45 [ OK    ] Configuración cargada.

============================================================
2026-07-05 23:05:45
Odoo Admin - backup-files
============================================================
2026-07-05 23:05:45 [ INFO  ] Producto : Odoo Admin 1.0
2026-07-05 23:05:45 [ INFO  ] Módulo   : backup-files 1.0

============================================================
2026-07-05 23:05:45
Entorno
============================================================
2026-07-05 23:05:45 [ ERROR ] No existe el recurso.
2026-07-05 23:05:45 [ ERROR ] addons : /opt/odoo/custom-addons

============================================================
2026-07-05 23:16:09
Odoo Admin - backup-files
============================================================
2026-07-05 23:16:09 [ INFO  ] Producto : Odoo Admin 1.0
2026-07-05 23:16:09 [ INFO  ] Módulo   : backup-files 1.0
2026-07-05 23:16:09 [ OK    ] Configuración cargada.

============================================================
2026-07-05 23:16:09
Odoo Admin - backup-files
============================================================
2026-07-05 23:16:09 [ INFO  ] Producto : Odoo Admin 1.0
2026-07-05 23:16:09 [ INFO  ] Módulo   : backup-files 1.0

============================================================
2026-07-05 23:16:09
Entorno
============================================================
2026-07-05 23:16:09 [ OK    ] Entorno verificado.

============================================================
2026-07-05 23:16:09
Permisos
============================================================
2026-07-05 23:16:09 [ INFO  ] Verificando directorio de respaldo...
2026-07-05 23:16:09 [ OK    ] Permisos de escritura correctos.

============================================================
2026-07-05 23:16:09
Respaldo
============================================================
2026-07-05 23:16:09 [ INFO  ] Directorio : /var/backups/odoo/daily
2026-07-05 23:16:09 [ INFO  ] Archivo    : /var/backups/odoo/daily/filesystem_2026-07-05_23-16-09.oaa
2026-07-05 23:16:09 [ INFO  ] Iniciando respaldo...
2026-07-05 23:17:33 [ ERROR ] No fue posible generar el respaldo.
